test_400_error_code_and_model_precede_preset_and_test_state (test_api_capability_status.CapabilityDialogTests.test_400_error_code_and_model_precede_preset_and_test_state) ... ok
test_cancelled_probe_preserves_setting (test_api_capability_status.CapabilityDialogTests.test_cancelled_probe_preserves_setting) ... ok
test_changed_key_invalidates_previous_success_and_blocks_inflight_result (test_api_capability_status.CapabilityDialogTests.test_changed_key_invalidates_previous_success_and_blocks_inflight_result) ... ok
test_connection_is_text_only_and_does_not_mark_audio_verified (test_api_capability_status.CapabilityDialogTests.test_connection_is_text_only_and_does_not_mark_audio_verified) ... ok
test_details_are_read_only_and_hide_credentials (test_api_capability_status.CapabilityDialogTests.test_details_are_read_only_and_hide_credentials) ... ok
test_explicit_manual_change_after_rejection_is_preserved (test_api_capability_status.CapabilityDialogTests.test_explicit_manual_change_after_rejection_is_preserved) ... ok
test_explicit_rejection_displays_unsupported_and_disables_audio (test_api_capability_status.CapabilityDialogTests.test_explicit_rejection_displays_unsupported_and_disables_audio) ... ok
test_model_change_invalidates_previous_error_and_details (test_api_capability_status.CapabilityDialogTests.test_model_change_invalidates_previous_error_and_details) ... ok
test_official_preset_displays_support_and_unverified_state (test_api_capability_status.CapabilityDialogTests.test_official_preset_displays_support_and_unverified_state) ... ok
test_old_verified_dialog_cannot_undo_newer_runtime_rejection (test_api_capability_status.CapabilityDialogTests.test_old_verified_dialog_cannot_undo_newer_runtime_rejection) ... ok
test_queued_old_success_cannot_undo_later_runtime_rejection (test_api_capability_status.CapabilityDialogTests.test_queued_old_success_cannot_undo_later_runtime_rejection) ... ok
test_real_save_manual_setting_after_rejection_is_preserved (test_api_capability_status.CapabilityDialogTests.test_real_save_manual_setting_after_rejection_is_preserved) ... ok
test_real_save_old_manual_setting_cannot_undo_later_rejection (test_api_capability_status.CapabilityDialogTests.test_real_save_old_manual_setting_cannot_undo_later_rejection) ... ok
test_refresh_preserves_new_test_after_historical_runtime_rejection (test_api_capability_status.CapabilityDialogTests.test_refresh_preserves_new_test_after_historical_runtime_rejection) ... ok
test_runtime_rejection_replaces_saved_verified_observation (test_api_capability_status.CapabilityDialogTests.test_runtime_rejection_replaces_saved_verified_observation) ... ok
test_saved_failed_test_reopens_and_new_credentials_invalidate_it (test_api_capability_status.CapabilityDialogTests.test_saved_failed_test_reopens_and_new_credentials_invalidate_it) ... ok
test_saving_failed_probe_cannot_undo_later_runtime_correction (test_api_capability_status.CapabilityDialogTests.test_saving_failed_probe_cannot_undo_later_runtime_correction) ... ok
test_timeout_has_explicit_unverified_status_without_fake_http_code (test_api_capability_status.CapabilityDialogTests.test_timeout_has_explicit_unverified_status_without_fake_http_code) ... ok
test_unknown_gateway_does_not_claim_official_support (test_api_capability_status.CapabilityDialogTests.test_unknown_gateway_does_not_claim_official_support) ... ok
test_unverified_preserves_manual_enabled_setting (test_api_capability_status.CapabilityDialogTests.test_unverified_preserves_manual_enabled_setting) ... ok
test_verified_reports_basic_validation_and_enables_audio (test_api_capability_status.CapabilityDialogTests.test_verified_reports_basic_validation_and_enables_audio) ... ok
test_real_audio_probe_retains_code_without_claiming_unsupported (test_api_capability_status.ProbeDiagnosticTests.test_real_audio_probe_retains_code_without_claiming_unsupported) ... ok
test_completed_turn_collapses_only_its_process_and_shows_elapsed_time (test_chat_process_fold.ProcessFoldTests.test_completed_turn_collapses_only_its_process_and_shows_elapsed_time) ... ok
test_empty_process_and_failed_response_still_finish (test_chat_process_fold.ProcessFoldTests.test_empty_process_and_failed_response_still_finish) ... ok
test_right_click_after_a_long_answer_really_displays_the_process (test_chat_process_fold.ProcessFoldTests.test_right_click_after_a_long_answer_really_displays_the_process) ... ok
test_right_click_does_not_require_a_prior_motion_event_on_the_header (test_chat_process_fold.ProcessFoldTests.test_right_click_does_not_require_a_prior_motion_event_on_the_header) ... ok
test_right_click_expands_and_collapses_preserving_the_process (test_chat_process_fold.ProcessFoldTests.test_right_click_expands_and_collapses_preserving_the_process) ... ok
test_right_click_far_from_any_header_does_nothing (test_chat_process_fold.ProcessFoldTests.test_right_click_far_from_any_header_does_nothing) ... ok
test_right_click_in_the_row_gap_above_the_header_still_toggles (test_chat_process_fold.ProcessFoldTests.test_right_click_in_the_row_gap_above_the_header_still_toggles)
标题文字上方那条行距带没有字符，@x,y 落在标题行本身，也必须能点开。 ... ok
test_right_click_on_the_arrow_itself_expands_and_collapses (test_chat_process_fold.ProcessFoldTests.test_right_click_on_the_arrow_itself_expands_and_collapses) ... ok
test_right_click_on_the_blank_tail_of_the_header_still_toggles (test_chat_process_fold.ProcessFoldTests.test_right_click_on_the_blank_tail_of_the_header_still_toggles)
标题行右侧没有文字的空白（@x,y 落到行尾）以前右键没反应。 ... ok
test_right_click_one_row_below_the_header_expands_the_collapsed_process (test_chat_process_fold.ProcessFoldTests.test_right_click_one_row_below_the_header_expands_the_collapsed_process)
标题下面那一行的行距，同一个点上去也要能展开、能再收起。 ... ok
test_stopped_turn_keeps_its_process_available (test_chat_process_fold.ProcessFoldTests.test_stopped_turn_keeps_its_process_available) ... ok
test_turns_toggle_independently_and_keep_hints_after_the_answer (test_chat_process_fold.ProcessFoldTests.test_turns_toggle_independently_and_keep_hints_after_the_answer) ... ok

----------------------------------------------------------------------
Ran 34 tests in 10.715s

OK
